// Jest Snapshot v1, https://goo.gl/fbAQLP

exports[`CrossIcon component renders correctly with default props 1`] = `
<svg
  aria-hidden={true}
  height={16}
  viewBox="6 6 12 12"
  width={16}
>
  <path
    d="M7.324 6L6 7.324l4.715 4.716-4.677 4.676 1.205 1.204 4.677-4.677L16.675 18 18 16.675l-4.756-4.755 4.675-4.676-1.203-1.204-4.677 4.675L7.324 6z"
  />
</svg>
`;
